09-19 20:21:59.772  1291  1311 I art     : Background partial concurrent mark sweep GC freed 7671(303KB) AllocSpace objects, 0(0B) LOS objects, 40% free, 17MB/29MB, paused 946us total 152.008ms
09-19 20:21:59.953  1179  1189 I art     : Background partial concurrent mark sweep GC freed 102002(5MB) AllocSpace objects, 7(168KB) LOS objects, 33% free, 16MB/24MB, paused 2.227ms total 413.787ms
09-19 20:22:00.877   718   718 D gralloc.sc8830: fb_post fps = 6.620244
09-19 20:22:01.285  1179  1258 D AudioService: Stream muted, skip playback
09-19 20:22:01.287  1179  3323 I ActivityManager: START u0 {flg=0x10100000 cmp=com.CompanyName.test/crc646a1044cb1c7f6fdb.MainActivity} from uid 10134 on display 0
09-19 20:22:01.308  1179  3828 E ActivityManager: applyOptionsLocked: Unknown animationType=0
09-19 20:22:01.334 12566 12566 I art     : Late-enabling -Xcheck:jni
09-19 20:22:01.353  1179  3828 I ActivityManager: Start proc 12566:com.CompanyName.test/u0a134 for activity com.CompanyName.test/crc646a1044cb1c7f6fdb.MainActivity
09-19 20:22:01.475 12566 12566 D debug-app-helper: Checking if libmonodroid was unpacked to /data/app/com.CompanyName.test-1/lib/arm/libmonodroid.so
09-19 20:22:01.475 12566 12566 D debug-app-helper: Native libs extracted to /data/app/com.CompanyName.test-1/lib/arm, assuming application/android:extractNativeLibs == true
09-19 20:22:01.475 12566 12566 I debug-app-helper: Setting up for DSO lookup in app data directories
09-19 20:22:01.475 12566 12566 D debug-app-helper: Added filesystem DSO lookup location: /data/app/com.CompanyName.test-1/lib/arm
09-19 20:22:01.475 12566 12566 W debug-app-helper: Using runtime path: /data/app/com.CompanyName.test-1/lib/arm
09-19 20:22:01.475 12566 12566 W debug-app-helper: checking directory: `/data/user/0/com.CompanyName.test/files/.__override__/lib`
09-19 20:22:01.475 12566 12566 W debug-app-helper: directory does not exist: `/data/user/0/com.CompanyName.test/files/.__override__/lib`
09-19 20:22:01.475 12566 12566 W debug-app-helper: Checking whether Mono runtime exists at: /data/user/0/com.CompanyName.test/files/.__override__/libmonosgen-2.0.so
09-19 20:22:01.475 12566 12566 W debug-app-helper: Checking whether Mono runtime exists at: /data/app/com.CompanyName.test-1/lib/arm/libmonosgen-2.0.so
09-19 20:22:01.475 12566 12566 I debug-app-helper: Mono runtime found at: /data/app/com.CompanyName.test-1/lib/arm/libmonosgen-2.0.so
09-19 20:22:01.479 12566 12566 W art     : Attempt to remove non-JNI local reference, dumping thread
09-19 20:22:01.488 12566 12566 I DOTNET  : JNI_OnLoad: JNI_OnLoad in pal_jni.c
09-19 20:22:01.490 12566 12566 I DOTNET  : GetOptionalMethod: optional method setApplicationProtocols ([Ljava/lang/String;)V was not found
09-19 20:22:01.496 12566 12566 I DOTNET  : GetOptionalMethod: optional method getApplicationProtocol ()Ljava/lang/String; was not found
09-19 20:22:01.510 12566 12566 W monodroid: Creating public update directory: `/data/user/0/com.CompanyName.test/files/.__override__`
09-19 20:22:01.510 12566 12566 W art     : Attempt to remove non-JNI local reference, dumping thread
09-19 20:22:01.511 12566 12566 W monodroid: runtime args empty
09-19 20:22:01.757 12566 12566 W monodroid-assembly: open_from_bundles: failed to load assembly router_test.Android.dll
09-19 20:22:01.758 12566 12566 W monodroid-gc: GREF GC Threshold: 46080
09-19 20:22:01.759 12566 12566 W monodroid-assembly: open_from_bundles: failed to load assembly Mono.Android.dll
09-19 20:22:01.777 12566 12566 W monodroid-assembly: open_from_bundles: failed to load assembly System.Runtime.dll
09-19 20:22:01.780 12566 12566 W monodroid-assembly: open_from_bundles: failed to load assembly Java.Interop.dll
09-19 20:22:01.783 12566 12566 W monodroid-assembly: open_from_bundles: failed to load assembly System.Collections.dll
09-19 20:22:01.800 12566 12566 W monodroid-assembly: open_from_bundles: failed to load assembly System.Threading.dll
09-19 20:22:01.820 12566 12566 W monodroid-assembly: open_from_bundles: failed to load assembly System.Runtime.InteropServices.dll
09-19 20:22:01.901 12566 12566 W monodroid-assembly: open_from_bundles: failed to load assembly System.Threading.Thread.dll
09-19 20:22:01.903 12566 12566 W monodroid-assembly: open_from_bundles: failed to load assembly System.Diagnostics.StackTrace.dll
09-19 20:22:01.963 12566 12566 W art     : Attempt to remove non-JNI local reference, dumping thread
09-19 20:22:01.986 12566 12566 W monodroid-assembly: open_from_bundles: failed to load assembly Avalonia.Android.dll
09-19 20:22:01.988 12566 12566 W monodroid-assembly: open_from_bundles: failed to load assembly Xamarin.AndroidX.AppCompat.dll
09-19 20:22:01.989 12566 12566 W monodroid-assembly: open_from_bundles: failed to load assembly Xamarin.AndroidX.Fragment.dll
09-19 20:22:01.991 12566 12566 W monodroid-assembly: open_from_bundles: failed to load assembly Xamarin.AndroidX.Activity.dll
09-19 20:22:01.993 12566 12566 W monodroid-assembly: open_from_bundles: failed to load assembly Xamarin.AndroidX.Core.dll
09-19 20:22:01.996 12566 12566 W monodroid-assembly: open_from_bundles: failed to load assembly Xamarin.AndroidX.Lifecycle.Common.dll
09-19 20:22:01.998 12566 12566 W monodroid-assembly: open_from_bundles: failed to load assembly Xamarin.AndroidX.Lifecycle.ViewModel.dll
09-19 20:22:01.999 12566 12566 W monodroid-assembly: open_from_bundles: failed to load assembly Xamarin.AndroidX.SavedState.dll
09-19 20:22:02.001 12566 12566 W monodroid-assembly: open_from_bundles: failed to load assembly Xamarin.AndroidX.DrawerLayout.dll
09-19 20:22:02.003 12566 12566 W monodroid-assembly: open_from_bundles: failed to load assembly Xamarin.AndroidX.CustomView.dll
09-19 20:22:02.096 12566 12566 W monodroid-assembly: open_from_bundles: failed to load assembly System.Memory.dll
09-19 20:22:02.146 12566 12566 W monodroid-assembly: open_from_bundles: failed to load assembly Xamarin.AndroidX.Loader.dll
09-19 20:22:02.158 12566 12566 W monodroid-assembly: open_from_bundles: failed to load assembly System.Reflection.Emit.Lightweight.dll
09-19 20:22:02.159 12566 12566 W monodroid-assembly: open_from_bundles: failed to load assembly System.Reflection.Emit.ILGeneration.dll
09-19 20:22:02.166 12566 12566 W monodroid-assembly: open_from_bundles: failed to load assembly System.Reflection.Primitives.dll
09-19 20:22:02.180 12566 12566 W monodroid-assembly: open_from_bundles: failed to load assembly System.Runtime.CompilerServices.Unsafe.dll
09-19 20:22:02.208 12566 12566 W monodroid-assembly: open_from_bundles: failed to load assembly Avalonia.Controls.dll
09-19 20:22:02.210 12566 12566 W monodroid-assembly: open_from_bundles: failed to load assembly Avalonia.Base.dll
09-19 20:22:02.215 12566 12566 W monodroid-assembly: open_from_bundles: failed to load assembly System.ObjectModel.dll
09-19 20:22:02.217 12566 12566 W monodroid-assembly: open_from_bundles: failed to load assembly router_test.dll
09-19 20:22:02.343 12566 12566 W monodroid-assembly: open_from_bundles: failed to load assembly System.ComponentModel.Primitives.dll
09-19 20:22:02.359 12566 12566 W monodroid-assembly: open_from_bundles: failed to load assembly System.Linq.dll
09-19 20:22:02.367 12566 12566 W monodroid-assembly: open_from_bundles: failed to load assembly Avalonia.Skia.dll
09-19 20:22:02.381 12566 12566 W monodroid-assembly: open_from_bundles: failed to load assembly System.Private.Uri.dll
09-19 20:22:02.524 12566 12566 W monodroid-assembly: open_from_bundles: failed to load assembly System.Xml.XDocument.dll
09-19 20:22:02.525 12566 12566 W monodroid-assembly: open_from_bundles: failed to load assembly System.Private.Xml.Linq.dll
09-19 20:22:02.527 12566 12566 W monodroid-assembly: open_from_bundles: failed to load assembly System.Private.Xml.dll
09-19 20:22:02.546 12566 12566 W monodroid-assembly: open_from_bundles: failed to load assembly System.Text.Encoding.Extensions.dll
09-19 20:22:02.595 12566 12566 W monodroid-assembly: open_from_bundles: failed to load assembly System.Text.RegularExpressions.dll
09-19 20:22:02.764 12566 12566 W monodroid-assembly: open_from_bundles: failed to load assembly fr-FR/System.Private.CoreLib.resources.dll
09-19 20:22:02.765 12566 12566 W monodroid-assembly: open_from_bundles: failed to load assembly fr-FR/System.Private.CoreLib.resources.dll
09-19 20:22:02.847 12566 12566 W monodroid-assembly: open_from_bundles: failed to load assembly fr/System.Private.CoreLib.resources.dll
09-19 20:22:02.847 12566 12566 W monodroid-assembly: open_from_bundles: failed to load assembly fr/System.Private.CoreLib.resources.dll
09-19 20:22:03.065 12566 12566 W monodroid-assembly: open_from_bundles: failed to load assembly Avalonia.OpenGL.dll
09-19 20:22:03.316 12566 12566 W monodroid-assembly: open_from_bundles: failed to load assembly System.Runtime.InteropServices.RuntimeInformation.dll
09-19 20:22:03.511 12566 12566 W monodroid-assembly: open_from_bundles: failed to load assembly System.Reactive.dll
09-19 20:22:03.558 12566 12566 W monodroid-assembly: open_from_bundles: failed to load assembly System.Collections.Concurrent.dll
09-19 20:22:03.681 12566 12566 W monodroid-assembly: open_from_bundles: failed to load assembly SkiaSharp.dll
09-19 20:22:03.916 12566 12566 W monodroid-assembly: open_from_bundles: failed to load assembly System.ComponentModel.dll
09-19 20:22:04.072 12566 12566 W monodroid-assembly: open_from_bundles: failed to load assembly Avalonia.Markup.Xaml.dll
09-19 20:22:04.087 12566 12566 W monodroid-assembly: open_from_bundles: failed to load assembly System.ComponentModel.TypeConverter.dll
09-19 20:22:04.092 12566 12566 W monodroid-assembly: open_from_bundles: failed to load assembly Avalonia.Themes.Fluent.dll
09-19 20:22:04.336   722   969 D ENGPC   : parse_event: event { 'change', '/devices/sec-battery.28/power_supply/battery', 'power_supply', '' }
09-19 20:22:04.383   718   718 D gralloc.sc8830: fb_post fps = 2.566684
09-19 20:22:04.384 12566 12566 W monodroid-assembly: open_from_bundles: failed to load assembly System.Runtime.Loader.dll
09-19 20:22:04.748 12566 12566 W monodroid-assembly: open_from_bundles: failed to load assembly Avalonia.Dialogs.dll
09-19 20:22:04.820 12566 12566 W monodroid-assembly: open_from_bundles: failed to load assembly Avalonia.Markup.dll
09-19 20:22:05.534 12566 12566 W art     : Before Android 4.1, method android.graphics.PorterDuffColorFilter androidx.vectordrawable.graphics.drawable.VectorDrawableCompat.updateTintFilter(android.graphics.PorterDuffColorFilter, android.content.res.ColorStateList, android.graphics.PorterDuff$Mode) would have incorrectly overridden the package-private method in android.graphics.drawable.Drawable
09-19 20:22:05.682 12566 12566 W monodroid-assembly: open_from_bundles: failed to load assembly System.Numerics.Vectors.dll
09-19 20:22:05.718 12566 12566 W monodroid-assembly: open_from_bundles: failed to load assembly HarfBuzzSharp.dll
09-19 20:22:07.059 12566 12566 W monodroid-assembly: open_from_bundles: failed to load assembly ReactiveUI.dll
09-19 20:22:07.061 12566 12566 W monodroid-assembly: open_from_bundles: failed to load assembly Splat.dll
09-19 20:22:07.647 12566 12566 W monodroid-assembly: open_from_bundles: failed to load assembly System.Linq.Expressions.dll
09-19 20:22:07.668 12566 12566 W monodroid-assembly: open_from_bundles: failed to load assembly System.ComponentModel.Annotations.dll
09-19 20:22:08.946 12566 12593 I OpenGLRenderer: Initialized EGL, version 1.4
09-19 20:22:08.946 12566 12593 D OpenGLRenderer: Swap behavior 1
09-19 20:22:08.952   718   718 D gralloc.sc8830: fb_post fps = 0.437785
09-19 20:22:09.003 12566 12566 I AVALONIA: Surface Created
09-19 20:22:09.056 12566 12584 W monodroid-assembly: Shared library 'android' not loaded, p/invoke 'ANativeWindow_fromSurface' may fail
09-19 20:22:09.260 12566 12566 I AVALONIA: Surface Changed
09-19 20:22:09.358  1179  1200 I ActivityManager: Displayed com.CompanyName.test/crc646a1044cb1c7f6fdb.MainActivity: +8s50ms
09-19 20:22:09.373  1285  1285 W InputMethodService: Window size has been changed. This may cause jankiness of resizing window: -1 -> -2
09-19 20:22:09.447  1285  1285 I LatinIME: Starting input. Cursor position = -1,-1
09-19 20:22:09.448  1285  1285 E RichInputConnection: Unable to connect to the editor to retrieve text.
09-19 20:22:09.448  1285  1285 D RichInputConnection: Will try to retrieve text later.
09-19 20:22:09.448  1285  1285 I InputAttributes: InputType.TYPE_NULL is specified
09-19 20:22:09.486   718   779 E BufferQueueProducer: [SurfaceView - com.CompanyName.test/crc646a1044cb1c7f6fdb.MainActivity] connect: already connected (cur=1 req=1)
09-19 20:22:09.486 12566 12584 E libEGL  : eglCreateWindowSurface: native_window_api_connect (win=0x94851008) failed (0xffffffea) (already connected to another API?)
09-19 20:22:09.486 12566 12584 E libEGL  : eglCreateWindowSurface:482 error 3003 (EGL_BAD_ALLOC)
09-19 20:22:09.518   718  1573 E BufferQueueProducer: [SurfaceView - com.CompanyName.test/crc646a1044cb1c7f6fdb.MainActivity] connect: already connected (cur=1 req=1)
09-19 20:22:09.520 12566 12584 E libEGL  : eglCreateWindowSurface: native_window_api_connect (win=0x94851008) failed (0xffffffea) (already connected to another API?)
09-19 20:22:09.520 12566 12584 E libEGL  : eglCreateWindowSurface:482 error 3003 (EGL_BAD_ALLOC)
09-19 20:22:09.526   718   777 E BufferQueueProducer: [SurfaceView - com.CompanyName.test/crc646a1044cb1c7f6fdb.MainActivity] connect: already connected (cur=1 req=1)
09-19 20:22:09.527 12566 12584 E libEGL  : eglCreateWindowSurface: native_window_api_connect (win=0x94851008) failed (0xffffffea) (already connected to another API?)
09-19 20:22:09.527 12566 12584 E libEGL  : eglCreateWindowSurface:482 error 3003 (EGL_BAD_ALLOC)
09-19 20:22:09.530   718  1205 E BufferQueueProducer: [SurfaceView - com.CompanyName.test/crc646a1044cb1c7f6fdb.MainActivity] connect: already connected (cur=1 req=1)
09-19 20:22:09.530 12566 12584 E libEGL  : eglCreateWindowSurface: native_window_api_connect (win=0x94851008) failed (0xffffffea) (already connected to another API?)
09-19 20:22:09.530 12566 12584 E libEGL  : eglCreateWindowSurface:482 error 3003 (EGL_BAD_ALLOC)
09-19 20:22:09.533   718  1573 E BufferQueueProducer: [SurfaceView - com.CompanyName.test/crc646a1044cb1c7f6fdb.MainActivity] connect: already connected (cur=1 req=1)
09-19 20:22:09.533 12566 12584 E libEGL  : eglCreateWindowSurface: native_window_api_connect (win=0x94851008) failed (0xffffffea) (already connected to another API?)
09-19 20:22:09.533 12566 12584 E libEGL  : eglCreateWindowSurface:482 error 3003 (EGL_BAD_ALLOC)
09-19 20:22:09.543   718  1753 E BufferQueueProducer: [SurfaceView - com.CompanyName.test/crc646a1044cb1c7f6fdb.MainActivity] connect: already connected (cur=1 req=1)
09-19 20:22:09.543 12566 12584 E libEGL  : eglCreateWindowSurface: native_window_api_connect (win=0x94851008) failed (0xffffffea) (already connected to another API?)
09-19 20:22:09.543 12566 12584 E libEGL  : eglCreateWindowSurface:482 error 3003 (EGL_BAD_ALLOC)
09-19 20:22:09.546   718  1205 E BufferQueueProducer: [SurfaceView - com.CompanyName.test/crc646a1044cb1c7f6fdb.MainActivity] connect: already connected (cur=1 req=1)
09-19 20:22:09.546 12566 12584 E libEGL  : eglCreateWindowSurface: native_window_api_connect (win=0x94851008) failed (0xffffffea) (already connected to another API?)
09-19 20:22:09.546 12566 12584 E libEGL  : eglCreateWindowSurface:482 error 3003 (EGL_BAD_ALLOC)
09-19 20:22:09.561   718   779 E BufferQueueProducer: [SurfaceView - com.CompanyName.test/crc646a1044cb1c7f6fdb.MainActivity] connect: already connected (cur=1 req=1)
09-19 20:22:09.561 12566 12584 E libEGL  : eglCreateWindowSurface: native_window_api_connect (win=0x94851008) failed (0xffffffea) (already connected to another API?)
09-19 20:22:09.561 12566 12584 E libEGL  : eglCreateWindowSurface:482 error 3003 (EGL_BAD_ALLOC)
09-19 20:22:09.566   718  1753 E BufferQueueProducer: [SurfaceView - com.CompanyName.test/crc646a1044cb1c7f6fdb.MainActivity] connect: already connected (cur=1 req=1)
09-19 20:22:09.566 12566 12584 E libEGL  : eglCreateWindowSurface: native_window_api_connect (win=0x94851008) failed (0xffffffea) (already connected to another API?)
09-19 20:22:09.566 12566 12584 E libEGL  : eglCreateWindowSurface:482 error 3003 (EGL_BAD_ALLOC)
09-19 20:22:09.576   718   777 E BufferQueueProducer: [SurfaceView - com.CompanyName.test/crc646a1044cb1c7f6fdb.MainActivity] connect: already connected (cur=1 req=1)
09-19 20:22:09.576 12566 12584 E libEGL  : eglCreateWindowSurface: native_window_api_connect (win=0x94851008) failed (0xffffffea) (already connected to another API?)
09-19 20:22:09.577 12566 12584 E libEGL  : eglCreateWindowSurface:482 error 3003 (EGL_BAD_ALLOC)
09-19 20:22:09.579   718   779 E BufferQueueProducer: [SurfaceView - com.CompanyName.test/crc646a1044cb1c7f6fdb.MainActivity] connect: already connected (cur=1 req=1)
09-19 20:22:09.580 12566 12584 E libEGL  : eglCreateWindowSurface: native_window_api_connect (win=0x94851008) failed (0xffffffea) (already connected to another API?)
09-19 20:22:09.580 12566 12584 E libEGL  : eglCreateWindowSurface:482 error 3003 (EGL_BAD_ALLOC)
09-19 20:22:09.592   718  1573 E BufferQueueProducer: [SurfaceView - com.CompanyName.test/crc646a1044cb1c7f6fdb.MainActivity] connect: already connected (cur=1 req=1)
09-19 20:22:09.593 12566 12584 E libEGL  : eglCreateWindowSurface: native_window_api_connect (win=0x94851008) failed (0xffffffea) (already connected to another API?)
09-19 20:22:09.593 12566 12584 E libEGL  : eglCreateWindowSurface:482 error 3003 (EGL_BAD_ALLOC)
09-19 20:22:09.596   718  1205 E BufferQueueProducer: [SurfaceView - com.CompanyName.test/crc646a1044cb1c7f6fdb.MainActivity] connect: already connected (cur=1 req=1)
09-19 20:22:09.596 12566 12584 E libEGL  : eglCreateWindowSurface: native_window_api_connect (win=0x94851008) failed (0xffffffea) (already connected to another API?)
09-19 20:22:09.596 12566 12584 E libEGL  : eglCreateWindowSurface:482 error 3003 (EGL_BAD_ALLOC)
09-19 20:22:09.598  1285  1285 I LatinIME: Starting input. Cursor position = -1,-1
09-19 20:22:09.604  1285  1285 I InputAttributes: InputType.TYPE_NULL is specified
09-19 20:22:09.609   718   779 E BufferQueueProducer: [SurfaceView - com.CompanyName.test/crc646a1044cb1c7f6fdb.MainActivity] connect: already connected (cur=1 req=1)
09-19 20:22:09.609 12566 12584 E libEGL  : eglCreateWindowSurface: native_window_api_connect (win=0x94851008) failed (0xffffffea) (already connected to another API?)
09-19 20:22:09.609 12566 12584 E libEGL  : eglCreateWindowSurface:482 error 3003 (EGL_BAD_ALLOC)
09-19 20:22:09.613   718  1573 E BufferQueueProducer: [SurfaceView - com.CompanyName.test/crc646a1044cb1c7f6fdb.MainActivity] connect: already connected (cur=1 req=1)
09-19 20:22:09.613 12566 12584 E libEGL  : eglCreateWindowSurface: native_window_api_connect (win=0x94851008) failed (0xffffffea) (already connected to another API?)
09-19 20:22:09.613 12566 12584 E libEGL  : eglCreateWindowSurface:482 error 3003 (EGL_BAD_ALLOC)
09-19 20:22:09.625   718   777 E BufferQueueProducer: [SurfaceView - com.CompanyName.test/crc646a1044cb1c7f6fdb.MainActivity] connect: already connected (cur=1 req=1)
09-19 20:22:09.626 12566 12584 E libEGL  : eglCreateWindowSurface: native_window_api_connect (win=0x94851008) failed (0xffffffea) (already connected to another API?)
09-19 20:22:09.626 12566 12584 E libEGL  : eglCreateWindowSurface:482 error 3003 (EGL_BAD_ALLOC)
09-19 20:22:09.629   718   779 E BufferQueueProducer: [SurfaceView - com.CompanyName.test/crc646a1044cb1c7f6fdb.MainActivity] connect: already connected (cur=1 req=1)
09-19 20:22:09.629 12566 12584 E libEGL  : eglCreateWindowSurface: native_window_api_connect (win=0x94851008) failed (0xffffffea) (already connected to another API?)
09-19 20:22:09.629 12566 12584 E libEGL  : eglCreateWindowSurface:482 error 3003 (EGL_BAD_ALLOC)
09-19 20:22:09.642   718  1205 E BufferQueueProducer: [SurfaceView - com.CompanyName.test/crc646a1044cb1c7f6fdb.MainActivity] connect: already connected (cur=1 req=1)
09-19 20:22:09.643 12566 12584 E libEGL  : eglCreateWindowSurface: native_window_api_connect (win=0x94851008) failed (0xffffffea) (already connected to another API?)
09-19 20:22:09.643 12566 12584 E libEGL  : eglCreateWindowSurface:482 error 3003 (EGL_BAD_ALLOC)
09-19 20:22:09.646   718   777 E BufferQueueProducer: [SurfaceView - com.CompanyName.test/crc646a1044cb1c7f6fdb.MainActivity] connect: already connected (cur=1 req=1)
09-19 20:22:09.647 12566 12584 E libEGL  : eglCreateWindowSurface: native_window_api_connect (win=0x94851008) failed (0xffffffea) (already connected to another API?)
09-19 20:22:09.647 12566 12584 E libEGL  : eglCreateWindowSurface:482 error 3003 (EGL_BAD_ALLOC)
09-19 20:22:09.659   718  1753 E BufferQueueProducer: [SurfaceView - com.CompanyName.test/crc646a1044cb1c7f6fdb.MainActivity] connect: already connected (cur=1 req=1)
09-19 20:22:09.659 12566 12584 E libEGL  : eglCreateWindowSurface: native_window_api_connect (win=0x94851008) failed (0xffffffea) (already connected to another API?)
09-19 20:22:09.659 12566 12584 E libEGL  : eglCreateWindowSurface:482 error 3003 (EGL_BAD_ALLOC)
09-19 20:22:09.666   718   779 E BufferQueueProducer: [SurfaceView - com.CompanyName.test/crc646a1044cb1c7f6fdb.MainActivity] connect: already connected (cur=1 req=1)
09-19 20:22:09.666 12566 12584 E libEGL  : eglCreateWindowSurface: native_window_api_connect (win=0x94851008) failed (0xffffffea) (already connected to another API?)
09-19 20:22:09.667 12566 12584 E libEGL  : eglCreateWindowSurface:482 error 3003 (EGL_BAD_ALLOC)
09-19 20:22:09.676   718   777 E BufferQueueProducer: [SurfaceView - com.CompanyName.test/crc646a1044cb1c7f6fdb.MainActivity] connect: already connected (cur=1 req=1)
09-19 20:22:09.677 12566 12584 E libEGL  : eglCreateWindowSurface: native_window_api_connect (win=0x94851008) failed (0xffffffea) (already connected to another API?)
09-19 20:22:09.678 12566 12584 E libEGL  : eglCreateWindowSurface:482 error 3003 (EGL_BAD_ALLOC)
09-19 20:22:09.682   718  1205 E BufferQueueProducer: [SurfaceView - com.CompanyName.test/crc646a1044cb1c7f6fdb.MainActivity] connect: already connected (cur=1 req=1)
09-19 20:22:09.682 12566 12584 E libEGL  : eglCreateWindowSurface: native_window_api_connect (win=0x94851008) failed (0xffffffea) (already connected to another API?)
09-19 20:22:09.682 12566 12584 E libEGL  : eglCreateWindowSurface:482 error 3003 (EGL_BAD_ALLOC)
09-19 20:22:09.692   718   777 E BufferQueueProducer: [SurfaceView - com.CompanyName.test/crc646a1044cb1c7f6fdb.MainActivity] connect: already connected (cur=1 req=1)
09-19 20:22:09.692 12566 12584 E libEGL  : eglCreateWindowSurface: native_window_api_connect (win=0x94851008) failed (0xffffffea) (already connected to another API?)
09-19 20:22:09.692 12566 12584 E libEGL  : eglCreateWindowSurface:482 error 3003 (EGL_BAD_ALLOC)
09-19 20:22:09.696   718  1573 E BufferQueueProducer: [SurfaceView - com.CompanyName.test/crc646a1044cb1c7f6fdb.MainActivity] connect: already connected (cur=1 req=1)
09-19 20:22:09.696 12566 12584 E libEGL  : eglCreateWindowSurface: native_window_api_connect (win=0x94851008) failed (0xffffffea) (already connected to another API?)
09-19 20:22:09.696 12566 12584 E libEGL  : eglCreateWindowSurface:482 error 3003 (EGL_BAD_ALLOC)
09-19 20:22:09.708   718  1573 E BufferQueueProducer: [SurfaceView - com.CompanyName.test/crc646a1044cb1c7f6fdb.MainActivity] connect: already connected (cur=1 req=1)
09-19 20:22:09.709 12566 12584 E libEGL  : eglCreateWindowSurface: native_window_api_connect (win=0x94851008) failed (0xffffffea) (already connected to another API?)
09-19 20:22:09.709 12566 12584 E libEGL  : eglCreateWindowSurface:482 error 3003 (EGL_BAD_ALLOC)
09-19 20:22:09.714   718   777 E BufferQueueProducer: [SurfaceView - com.CompanyName.test/crc646a1044cb1c7f6fdb.MainActivity] connect: already connected (cur=1 req=1)
09-19 20:22:09.714 12566 12584 E libEGL  : eglCreateWindowSurface: native_window_api_connect (win=0x94851008) failed (0xffffffea) (already connected to another API?)
09-19 20:22:09.714 12566 12584 E libEGL  : eglCreateWindowSurface:482 error 3003 (EGL_BAD_ALLOC)
09-19 20:22:09.725   718  1573 E BufferQueueProducer: [SurfaceView - com.CompanyName.test/crc646a1044cb1c7f6fdb.MainActivity] connect: already connected (cur=1 req=1)
09-19 20:22:09.725 12566 12584 E libEGL  : eglCreateWindowSurface: native_window_api_connect (win=0x94851008) failed (0xffffffea) (already connected to another API?)
09-19 20:22:09.725 12566 12584 E libEGL  : eglCreateWindowSurface:482 error 3003 (EGL_BAD_ALLOC)
09-19 20:22:09.728   718   779 E BufferQueueProducer: [SurfaceView - com.CompanyName.test/crc646a1044cb1c7f6fdb.MainActivity] connect: already connected (cur=1 req=1)
09-19 20:22:09.728 12566 12584 E libEGL  : eglCreateWindowSurface: native_window_api_connect (win=0x94851008) failed (0xffffffea) (already connected to another API?)
09-19 20:22:09.728 12566 12584 E libEGL  : eglCreateWindowSurface:482 error 3003 (EGL_BAD_ALLOC)
09-19 20:22:09.742   718  1753 E BufferQueueProducer: [SurfaceView - com.CompanyName.test/crc646a1044cb1c7f6fdb.MainActivity] connect: already connected (cur=1 req=1)
09-19 20:22:09.742 12566 12584 E libEGL  : eglCreateWindowSurface: native_window_api_connect (win=0x94851008) failed (0xffffffea) (already connected to another API?)
09-19 20:22:09.742 12566 12584 E libEGL  : eglCreateWindowSurface:482 error 3003 (EGL_BAD_ALLOC)
09-19 20:22:09.748   718  1205 E BufferQueueProducer: [SurfaceView - com.CompanyName.test/crc646a1044cb1c7f6fdb.MainActivity] connect: already connected (cur=1 req=1)
09-19 20:22:09.748 12566 12584 E libEGL  : eglCreateWindowSurface: native_window_api_connect (win=0x94851008) failed (0xffffffea) (already connected to another API?)
09-19 20:22:09.748 12566 12584 E libEGL  : eglCreateWindowSurface:482 error 3003 (EGL_BAD_ALLOC)
09-19 20:22:09.758   718  1205 E BufferQueueProducer: [SurfaceView - com.CompanyName.test/crc646a1044cb1c7f6fdb.MainActivity] connect: already connected (cur=1 req=1)
09-19 20:22:09.758 12566 12584 E libEGL  : eglCreateWindowSurface: native_window_api_connect (win=0x94851008) failed (0xffffffea) (already connected to another API?)
09-19 20:22:09.758 12566 12584 E libEGL  : eglCreateWindowSurface:482 error 3003 (EGL_BAD_ALLOC)
09-19 20:22:09.762   718  1753 E BufferQueueProducer: [SurfaceView - com.CompanyName.test/crc646a1044cb1c7f6fdb.MainActivity] connect: already connected (cur=1 req=1)
09-19 20:22:09.763 12566 12584 E libEGL  : eglCreateWindowSurface: native_window_api_connect (win=0x94851008) failed (0xffffffea) (already connected to another API?)
09-19 20:22:09.763 12566 12584 E libEGL  : eglCreateWindowSurface:482 error 3003 (EGL_BAD_ALLOC)
09-19 20:22:09.774   718  1573 E BufferQueueProducer: [SurfaceView - com.CompanyName.test/crc646a1044cb1c7f6fdb.MainActivity] connect: already connected (cur=1 req=1)
09-19 20:22:09.775 12566 12584 E libEGL  : eglCreateWindowSurface: native_window_api_connect (win=0x94851008) failed (0xffffffea) (already connected to another API?)
09-19 20:22:09.775 12566 12584 E libEGL  : eglCreateWindowSurface:482 error 3003 (EGL_BAD_ALLOC)
09-19 20:22:09.778   718   779 E BufferQueueProducer: [SurfaceView - com.CompanyName.test/crc646a1044cb1c7f6fdb.MainActivity] connect: already connected (cur=1 req=1)
09-19 20:22:09.778 12566 12584 E libEGL  : eglCreateWindowSurface: native_window_api_connect (win=0x94851008) failed (0xffffffea) (already connected to another API?)
09-19 20:22:09.778 12566 12584 E libEGL  : eglCreateWindowSurface:482 error 3003 (EGL_BAD_ALLOC)
09-19 20:22:09.791   718  1753 E BufferQueueProducer: [SurfaceView - com.CompanyName.test/crc646a1044cb1c7f6fdb.MainActivity] connect: already connected (cur=1 req=1)
09-19 20:22:09.791 12566 12584 E libEGL  : eglCreateWindowSurface: native_window_api_connect (win=0x94851008) failed (0xffffffea) (already connected to another API?)
09-19 20:22:09.791 12566 12584 E libEGL  : eglCreateWindowSurface:482 error 3003 (EGL_BAD_ALLOC)
09-19 20:22:09.794   718  1573 E BufferQueueProducer: [SurfaceView - com.CompanyName.test/crc646a1044cb1c7f6fdb.MainActivity] connect: already connected (cur=1 req=1)
09-19 20:22:09.794 12566 12584 E libEGL  : eglCreateWindowSurface: native_window_api_connect (win=0x94851008) failed (0xffffffea) (already connected to another API?)
09-19 20:22:09.794 12566 12584 E libEGL  : eglCreateWindowSurface:482 error 3003 (EGL_BAD_ALLOC)
09-19 20:22:09.807   718   777 E BufferQueueProducer: [SurfaceView - com.CompanyName.test/crc646a1044cb1c7f6fdb.MainActivity] connect: already connected (cur=1 req=1)
09-19 20:22:09.807 12566 12584 E libEGL  : eglCreateWindowSurface: native_window_api_connect (win=0x94851008) failed (0xffffffea) (already connected to another API?)
09-19 20:22:09.807 12566 12584 E libEGL  : eglCreateWindowSurface:482 error 3003 (EGL_BAD_ALLOC)
09-19 20:22:09.810   718  1753 E BufferQueueProducer: [SurfaceView - com.CompanyName.test/crc646a1044cb1c7f6fdb.MainActivity] connect: already connected (cur=1 req=1)
09-19 20:22:09.810 12566 12584 E libEGL  : eglCreateWindowSurface: native_window_api_connect (win=0x94851008) failed (0xffffffea) (already connected to another API?)
09-19 20:22:09.810 12566 12584 E libEGL  : eglCreateWindowSurface:482 error 3003 (EGL_BAD_ALLOC)
09-19 20:22:09.824   718  1205 E BufferQueueProducer: [SurfaceView - com.CompanyName.test/crc646a1044cb1c7f6fdb.MainActivity] connect: already connected (cur=1 req=1)
09-19 20:22:09.824 12566 12584 E libEGL  : eglCreateWindowSurface: native_window_api_connect (win=0x94851008) failed (0xffffffea) (already connected to another API?)
09-19 20:22:09.824 12566 12584 E libEGL  : eglCreateWindowSurface:482 error 3003 (EGL_BAD_ALLOC)
09-19 20:22:09.827   718   777 E BufferQueueProducer: [SurfaceView - com.CompanyName.test/crc646a1044cb1c7f6fdb.MainActivity] connect: already connected (cur=1 req=1)
09-19 20:22:09.827 12566 12584 E libEGL  : eglCreateWindowSurface: native_window_api_connect (win=0x94851008) failed (0xffffffea) (already connected to another API?)
09-19 20:22:09.827 12566 12584 E libEGL  : eglCreateWindowSurface:482 error 3003 (EGL_BAD_ALLOC)
09-19 20:22:09.840   718   779 E BufferQueueProducer: [SurfaceView - com.CompanyName.test/crc646a1044cb1c7f6fdb.MainActivity] connect: already connected (cur=1 req=1)
09-19 20:22:09.841 12566 12584 E libEGL  : eglCreateWindowSurface: native_window_api_connect (win=0x94851008) failed (0xffffffea) (already connected to another API?)
09-19 20:22:09.841 12566 12584 E libEGL  : eglCreateWindowSurface:482 error 3003 (EGL_BAD_ALLOC)
09-19 20:22:09.843   718  1205 E BufferQueueProducer: [SurfaceView - com.CompanyName.test/crc646a1044cb1c7f6fdb.MainActivity] connect: already connected (cur=1 req=1)
09-19 20:22:09.843 12566 12584 E libEGL  : eglCreateWindowSurface: native_window_api_connect (win=0x94851008) failed (0xffffffea) (already connected to another API?)
09-19 20:22:09.843 12566 12584 E libEGL  : eglCreateWindowSurface:482 error 3003 (EGL_BAD_ALLOC)
09-19 20:22:09.857   718  1573 E BufferQueueProducer: [SurfaceView - com.CompanyName.test/crc646a1044cb1c7f6fdb.MainActivity] connect: already connected (cur=1 req=1)
09-19 20:22:09.857 12566 12584 E libEGL  : eglCreateWindowSurface: native_window_api_connect (win=0x94851008) failed (0xffffffea) (already connected to another API?)
09-19 20:22:09.857 12566 12584 E libEGL  : eglCreateWindowSurface:482 error 3003 (EGL_BAD_ALLOC)
09-19 20:22:09.860   718   779 E BufferQueueProducer: [SurfaceView - com.CompanyName.test/crc646a1044cb1c7f6fdb.MainActivity] connect: already connected (cur=1 req=1)
09-19 20:22:09.860 12566 12584 E libEGL  : eglCreateWindowSurface: native_window_api_connect (win=0x94851008) failed (0xffffffea) (already connected to another API?)
09-19 20:22:09.860 12566 12584 E libEGL  : eglCreateWindowSurface:482 error 3003 (EGL_BAD_ALLOC)
09-19 20:22:09.874   718  1753 E BufferQueueProducer: [SurfaceView - com.CompanyName.test/crc646a1044cb1c7f6fdb.MainActivity] connect: already connected (cur=1 req=1)
09-19 20:22:09.874 12566 12584 E libEGL  : eglCreateWindowSurface: native_window_api_connect (win=0x94851008) failed (0xffffffea) (already connected to another API?)
09-19 20:22:09.874 12566 12584 E libEGL  : eglCreateWindowSurface:482 error 3003 (EGL_BAD_ALLOC)
09-19 20:22:09.876   718  1573 E BufferQueueProducer: [SurfaceView - com.CompanyName.test/crc646a1044cb1c7f6fdb.MainActivity] connect: already connected (cur=1 req=1)
09-19 20:22:09.877 12566 12584 E libEGL  : eglCreateWindowSurface: native_window_api_connect (win=0x94851008) failed (0xffffffea) (already connected to another API?)
09-19 20:22:09.877 12566 12584 E libEGL  : eglCreateWindowSurface:482 error 3003 (EGL_BAD_ALLOC)
09-19 20:22:09.890   718   777 E BufferQueueProducer: [SurfaceView - com.CompanyName.test/crc646a1044cb1c7f6fdb.MainActivity] connect: already connected (cur=1 req=1)
09-19 20:22:09.890 12566 12584 E libEGL  : eglCreateWindowSurface: native_window_api_connect (win=0x94851008) failed (0xffffffea) (already connected to another API?)
09-19 20:22:09.890 12566 12584 E libEGL  : eglCreateWindowSurface:482 error 3003 (EGL_BAD_ALLOC)
09-19 20:22:09.893   718  1753 E BufferQueueProducer: [SurfaceView - com.CompanyName.test/crc646a1044cb1c7f6fdb.MainActivity] connect: already connected (cur=1 req=1)
09-19 20:22:09.893 12566 12584 E libEGL  : eglCreateWindowSurface: native_window_api_connect (win=0x94851008) failed (0xffffffea) (already connected to another API?)
09-19 20:22:09.893 12566 12584 E libEGL  : eglCreateWindowSurface:482 error 3003 (EGL_BAD_ALLOC)
09-19 20:22:09.907   718  1205 E BufferQueueProducer: [SurfaceView - com.CompanyName.test/crc646a1044cb1c7f6fdb.MainActivity] connect: already connected (cur=1 req=1)
09-19 20:22:09.907 12566 12584 E libEGL  : eglCreateWindowSurface: native_window_api_connect (win=0x94851008) failed (0xffffffea) (already connected to another API?)
09-19 20:22:09.907 12566 12584 E libEGL  : eglCreateWindowSurface:482 error 3003 (EGL_BAD_ALLOC)
09-19 20:22:09.909   718   777 E BufferQueueProducer: [SurfaceView - com.CompanyName.test/crc646a1044cb1c7f6fdb.MainActivity] connect: already connected (cur=1 req=1)
09-19 20:22:09.909 12566 12584 E libEGL  : eglCreateWindowSurface: native_window_api_connect (win=0x94851008) failed (0xffffffea) (already connected to another API?)
09-19 20:22:09.909 12566 12584 E libEGL  : eglCreateWindowSurface:482 error 3003 (EGL_BAD_ALLOC)
09-19 20:22:09.923   718   779 E BufferQueueProducer: [SurfaceView - com.CompanyName.test/crc646a1044cb1c7f6fdb.MainActivity] connect: already connected (cur=1 req=1)
09-19 20:22:09.923 12566 12584 E libEGL  : eglCreateWindowSurface: native_window_api_connect (win=0x94851008) failed (0xffffffea) (already connected to another API?)
09-19 20:22:09.924 12566 12584 E libEGL  : eglCreateWindowSurface:482 error 3003 (EGL_BAD_ALLOC)
09-19 20:22:09.926   718  1205 E BufferQueueProducer: [SurfaceView - com.CompanyName.test/crc646a1044cb1c7f6fdb.MainActivity] connect: already connected (cur=1 req=1)
09-19 20:22:09.926 12566 12584 E libEGL  : eglCreateWindowSurface: native_window_api_connect (win=0x94851008) failed (0xffffffea) (already connected to another API?)
09-19 20:22:09.926 12566 12584 E libEGL  : eglCreateWindowSurface:482 error 3003 (EGL_BAD_ALLOC)
09-19 20:22:09.940   718  1573 E BufferQueueProducer: [SurfaceView - com.CompanyName.test/crc646a1044cb1c7f6fdb.MainActivity] connect: already connected (cur=1 req=1)
09-19 20:22:09.940 12566 12584 E libEGL  : eglCreateWindowSurface: native_window_api_connect (win=0x94851008) failed (0xffffffea) (already connected to another API?)
09-19 20:22:09.940 12566 12584 E libEGL  : eglCreateWindowSurface:482 error 3003 (EGL_BAD_ALLOC)
09-19 20:22:09.942   718   779 E BufferQueueProducer: [SurfaceView - com.CompanyName.test/crc646a1044cb1c7f6fdb.MainActivity] connect: already connected (cur=1 req=1)
09-19 20:22:09.943 12566 12584 E libEGL  : eglCreateWindowSurface: native_window_api_connect (win=0x94851008) failed (0xffffffea) (already connected to another API?)
09-19 20:22:09.943 12566 12584 E libEGL  : eglCreateWindowSurface:482 error 3003 (EGL_BAD_ALLOC)
09-19 20:22:09.956   718  1753 E BufferQueueProducer: [SurfaceView - com.CompanyName.test/crc646a1044cb1c7f6fdb.MainActivity] connect: already connected (cur=1 req=1)
09-19 20:22:09.956 12566 12584 E libEGL  : eglCreateWindowSurface: native_window_api_connect (win=0x94851008) failed (0xffffffea) (already connected to another API?)
09-19 20:22:09.957 12566 12584 E libEGL  : eglCreateWindowSurface:482 error 3003 (EGL_BAD_ALLOC)
09-19 20:22:09.959   718  1573 E BufferQueueProducer: [SurfaceView - com.CompanyName.test/crc646a1044cb1c7f6fdb.MainActivity] connect: already connected (cur=1 req=1)
09-19 20:22:09.959 12566 12584 E libEGL  : eglCreateWindowSurface: native_window_api_connect (win=0x94851008) failed (0xffffffea) (already connected to another API?)
09-19 20:22:09.959 12566 12584 E libEGL  : eglCreateWindowSurface:482 error 3003 (EGL_BAD_ALLOC)
09-19 20:22:09.973   718   777 E BufferQueueProducer: [SurfaceView - com.CompanyName.test/crc646a1044cb1c7f6fdb.MainActivity] connect: already connected (cur=1 req=1)
09-19 20:22:09.973 12566 12584 E libEGL  : eglCreateWindowSurface: native_window_api_connect (win=0x94851008) failed (0xffffffea) (already connected to another API?)
09-19 20:22:09.973 12566 12584 E libEGL  : eglCreateWindowSurface:482 error 3003 (EGL_BAD_ALLOC)
09-19 20:22:09.975   718  1753 E BufferQueueProducer: [SurfaceView - com.CompanyName.test/crc646a1044cb1c7f6fdb.MainActivity] connect: already connected (cur=1 req=1)
09-19 20:22:09.975 12566 12584 E libEGL  : eglCreateWindowSurface: native_window_api_connect (win=0x94851008) failed (0xffffffea) (already connected to another API?)
09-19 20:22:09.976 12566 12584 E libEGL  : eglCreateWindowSurface:482 error 3003 (EGL_BAD_ALLOC)
09-19 20:22:09.989   718  1205 E BufferQueueProducer: [SurfaceView - com.CompanyName.test/crc646a1044cb1c7f6fdb.MainActivity] connect: already connected (cur=1 req=1)
09-19 20:22:09.989 12566 12584 E libEGL  : eglCreateWindowSurface: native_window_api_connect (win=0x94851008) failed (0xffffffea) (already connected to another API?)
09-19 20:22:09.990 12566 12584 E libEGL  : eglCreateWindowSurface:482 error 3003 (EGL_BAD_ALLOC)
09-19 20:22:09.992   718   777 E BufferQueueProducer: [SurfaceView - com.CompanyName.test/crc646a1044cb1c7f6fdb.MainActivity] connect: already connected (cur=1 req=1)
09-19 20:22:09.992 12566 12584 E libEGL  : eglCreateWindowSurface: native_window_api_connect (win=0x94851008) failed (0xffffffea) (already connected to another API?)
09-19 20:22:09.992 12566 12584 E libEGL  : eglCreateWindowSurface:482 error 3003 (EGL_BAD_ALLOC)
09-19 20:22:10.006   718   779 E BufferQueueProducer: [SurfaceView - com.CompanyName.test/crc646a1044cb1c7f6fdb.MainActivity] connect: already connected (cur=1 req=1)
09-19 20:22:10.006 12566 12584 E libEGL  : eglCreateWindowSurface: native_window_api_connect (win=0x94851008) failed (0xffffffea) (already connected to another API?)
09-19 20:22:10.006 12566 12584 E libEGL  : eglCreateWindowSurface:482 error 3003 (EGL_BAD_ALLOC)
09-19 20:22:10.008   718  1205 E BufferQueueProducer: [SurfaceView - com.CompanyName.test/crc646a1044cb1c7f6fdb.MainActivity] connect: already connected (cur=1 req=1)
09-19 20:22:10.009 12566 12584 E libEGL  : eglCreateWindowSurface: native_window_api_connect (win=0x94851008) failed (0xffffffea) (already connected to another API?)
09-19 20:22:10.009 12566 12584 E libEGL  : eglCreateWindowSurface:482 error 3003 (EGL_BAD_ALLOC)
09-19 20:22:10.023   718  1573 E BufferQueueProducer: [SurfaceView - com.CompanyName.test/crc646a1044cb1c7f6fdb.MainActivity] connect: already connected (cur=1 req=1)
09-19 20:22:10.023 12566 12584 E libEGL  : eglCreateWindowSurface: native_window_api_connect (win=0x94851008) failed (0xffffffea) (already connected to another API?)
09-19 20:22:10.023 12566 12584 E libEGL  : eglCreateWindowSurface:482 error 3003 (EGL_BAD_ALLOC)
09-19 20:22:10.025   718   779 E BufferQueueProducer: [SurfaceView - com.CompanyName.test/crc646a1044cb1c7f6fdb.MainActivity] connect: already connected (cur=1 req=1)
09-19 20:22:10.026 12566 12584 E libEGL  : eglCreateWindowSurface: native_window_api_connect (win=0x94851008) failed (0xffffffea) (already connected to another API?)
09-19 20:22:10.026 12566 12584 E libEGL  : eglCreateWindowSurface:482 error 3003 (EGL_BAD_ALLOC)
09-19 20:22:10.039   718  1753 E BufferQueueProducer: [SurfaceView - com.CompanyName.test/crc646a1044cb1c7f6fdb.MainActivity] connect: already connected (cur=1 req=1)
09-19 20:22:10.039 12566 12584 E libEGL  : eglCreateWindowSurface: native_window_api_connect (win=0x94851008) failed (0xffffffea) (already connected to another API?)
09-19 20:22:10.039 12566 12584 E libEGL  : eglCreateWindowSurface:482 error 3003 (EGL_BAD_ALLOC)
09-19 20:22:10.042   718  1573 E BufferQueueProducer: [SurfaceView - com.CompanyName.test/crc646a1044cb1c7f6fdb.MainActivity] connect: already connected (cur=1 req=1)
09-19 20:22:10.042 12566 12584 E libEGL  : eglCreateWindowSurface: native_window_api_connect (win=0x94851008) failed (0xffffffea) (already connected to another API?)
09-19 20:22:10.042 12566 12584 E libEGL  : eglCreateWindowSurface:482 error 3003 (EGL_BAD_ALLOC)
09-19 20:22:10.056   718   777 E BufferQueueProducer: [SurfaceView - com.CompanyName.test/crc646a1044cb1c7f6fdb.MainActivity] connect: already connected (cur=1 req=1)
09-19 20:22:10.056 12566 12584 E libEGL  : eglCreateWindowSurface: native_window_api_connect (win=0x94851008) failed (0xffffffea) (already connected to another API?)
09-19 20:22:10.056 12566 12584 E libEGL  : eglCreateWindowSurface:482 error 3003 (EGL_BAD_ALLOC)
09-19 20:22:10.059   718  1753 E BufferQueueProducer: [SurfaceView - com.CompanyName.test/crc646a1044cb1c7f6fdb.MainActivity] connect: already connected (cur=1 req=1)
09-19 20:22:10.059 12566 12584 E libEGL  : eglCreateWindowSurface: native_window_api_connect (win=0x94851008) failed (0xffffffea) (already connected to another API?)
09-19 20:22:10.059 12566 12584 E libEGL  : eglCreateWindowSurface:482 error 3003 (EGL_BAD_ALLOC)
09-19 20:22:10.072   718  1205 E BufferQueueProducer: [SurfaceView - com.CompanyName.test/crc646a1044cb1c7f6fdb.MainActivity] connect: already connected (cur=1 req=1)
09-19 20:22:10.072 12566 12584 E libEGL  : eglCreateWindowSurface: native_window_api_connect (win=0x94851008) failed (0xffffffea) (already connected to another API?)
09-19 20:22:10.072 12566 12584 E libEGL  : eglCreateWindowSurface:482 error 3003 (EGL_BAD_ALLOC)
09-19 20:22:10.075   718   777 E BufferQueueProducer: [SurfaceView - com.CompanyName.test/crc646a1044cb1c7f6fdb.MainActivity] connect: already connected (cur=1 req=1)
09-19 20:22:10.075 12566 12584 E libEGL  : eglCreateWindowSurface: native_window_api_connect (win=0x94851008) failed (0xffffffea) (already connected to another API?)
09-19 20:22:10.075 12566 12584 E libEGL  : eglCreateWindowSurface:482 error 3003 (EGL_BAD_ALLOC)
09-19 20:22:10.089   718   779 E BufferQueueProducer: [SurfaceView - com.CompanyName.test/crc646a1044cb1c7f6fdb.MainActivity] connect: already connected (cur=1 req=1)
09-19 20:22:10.089 12566 12584 E libEGL  : eglCreateWindowSurface: native_window_api_connect (win=0x94851008) failed (0xffffffea) (already connected to another API?)
09-19 20:22:10.089 12566 12584 E libEGL  : eglCreateWindowSurface:482 error 3003 (EGL_BAD_ALLOC)
09-19 20:22:10.092   718  1205 E BufferQueueProducer: [SurfaceView - com.CompanyName.test/crc646a1044cb1c7f6fdb.MainActivity] connect: already connected (cur=1 req=1)
09-19 20:22:10.092 12566 12584 E libEGL  : eglCreateWindowSurface: native_window_api_connect (win=0x94851008) failed (0xffffffea) (already connected to another API?)
09-19 20:22:10.092 12566 12584 E libEGL  : eglCreateWindowSurface:482 error 3003 (EGL_BAD_ALLOC)
09-19 20:22:10.105   718  1573 E BufferQueueProducer: [SurfaceView - com.CompanyName.test/crc646a1044cb1c7f6fdb.MainActivity] connect: already connected (cur=1 req=1)
09-19 20:22:10.105 12566 12584 E libEGL  : eglCreateWindowSurface: native_window_api_connect (win=0x94851008) failed (0xffffffea) (already connected to another API?)
09-19 20:22:10.105 12566 12584 E libEGL  : eglCreateWindowSurface:482 error 3003 (EGL_BAD_ALLOC)
09-19 20:22:10.108   718   779 E BufferQueueProducer: [SurfaceView - com.CompanyName.test/crc646a1044cb1c7f6fdb.MainActivity] connect: already connected (cur=1 req=1)
09-19 20:22:10.108 12566 12584 E libEGL  : eglCreateWindowSurface: native_window_api_connect (win=0x94851008) failed (0xffffffea) (already connected to another API?)
09-19 20:22:10.108 12566 12584 E libEGL  : eglCreateWindowSurface:482 error 3003 (EGL_BAD_ALLOC)
09-19 20:22:10.122   718  1753 E BufferQueueProducer: [SurfaceView - com.CompanyName.test/crc646a1044cb1c7f6fdb.MainActivity] connect: already connected (cur=1 req=1)
09-19 20:22:10.122 12566 12584 E libEGL  : eglCreateWindowSurface: native_window_api_connect (win=0x94851008) failed (0xffffffea) (already connected to another API?)
09-19 20:22:10.122 12566 12584 E libEGL  : eglCreateWindowSurface:482 error 3003 (EGL_BAD_ALLOC)
09-19 20:22:10.125   718  1573 E BufferQueueProducer: [SurfaceView - com.CompanyName.test/crc646a1044cb1c7f6fdb.MainActivity] connect: already connected (cur=1 req=1)
09-19 20:22:10.125 12566 12584 E libEGL  : eglCreateWindowSurface: native_window_api_connect (win=0x94851008) failed (0xffffffea) (already connected to another API?)
09-19 20:22:10.125 12566 12584 E libEGL  : eglCreateWindowSurface:482 error 3003 (EGL_BAD_ALLOC)
09-19 20:22:10.138   718   777 E BufferQueueProducer: [SurfaceView - com.CompanyName.test/crc646a1044cb1c7f6fdb.MainActivity] connect: already connected (cur=1 req=1)
09-19 20:22:10.138 12566 12584 E libEGL  : eglCreateWindowSurface: native_window_api_connect (win=0x94851008) failed (0xffffffea) (already connected to another API?)
09-19 20:22:10.139 12566 12584 E libEGL  : eglCreateWindowSurface:482 error 3003 (EGL_BAD_ALLOC)
09-19 20:22:10.141   718  1753 E BufferQueueProducer: [SurfaceView - com.CompanyName.test/crc646a1044cb1c7f6fdb.MainActivity] connect: already connected (cur=1 req=1)
09-19 20:22:10.141 12566 12584 E libEGL  : eglCreateWindowSurface: native_window_api_connect (win=0x94851008) failed (0xffffffea) (already connected to another API?)
09-19 20:22:10.141 12566 12584 E libEGL  : eglCreateWindowSurface:482 error 3003 (EGL_BAD_ALLOC)
09-19 20:22:10.155   718  1205 E BufferQueueProducer: [SurfaceView - com.CompanyName.test/crc646a1044cb1c7f6fdb.MainActivity] connect: already connected (cur=1 req=1)
09-19 20:22:10.155 12566 12584 E libEGL  : eglCreateWindowSurface: native_window_api_connect (win=0x94851008) failed (0xffffffea) (already connected to another API?)
09-19 20:22:10.155 12566 12584 E libEGL  : eglCreateWindowSurface:482 error 3003 (EGL_BAD_ALLOC)
09-19 20:22:10.158   718   777 E BufferQueueProducer: [SurfaceView - com.CompanyName.test/crc646a1044cb1c7f6fdb.MainActivity] connect: already connected (cur=1 req=1)
09-19 20:22:10.158 12566 12584 E libEGL  : eglCreateWindowSurface: native_window_api_connect (win=0x94851008) failed (0xffffffea) (already connected to another API?)
09-19 20:22:10.158 12566 12584 E libEGL  : eglCreateWindowSurface:482 error 3003 (EGL_BAD_ALLOC)
09-19 20:22:10.171   718   779 E BufferQueueProducer: [SurfaceView - com.CompanyName.test/crc646a1044cb1c7f6fdb.MainActivity] connect: already connected (cur=1 req=1)
09-19 20:22:10.171 12566 12584 E libEGL  : eglCreateWindowSurface: native_window_api_connect (win=0x94851008) failed (0xffffffea) (already connected to another API?)
09-19 20:22:10.171 12566 12584 E libEGL  : eglCreateWindowSurface:482 error 3003 (EGL_BAD_ALLOC)
09-19 20:22:10.174   718  1205 E BufferQueueProducer: [SurfaceView - com.CompanyName.test/crc646a1044cb1c7f6fdb.MainActivity] connect: already connected (cur=1 req=1)
09-19 20:22:10.174 12566 12584 E libEGL  : eglCreateWindowSurface: native_window_api_connect (win=0x94851008) failed (0xffffffea) (already connected to another API?)
09-19 20:22:10.174 12566 12584 E libEGL  : eglCreateWindowSurface:482 error 3003 (EGL_BAD_ALLOC)
09-19 20:22:10.188   718  1573 E BufferQueueProducer: [SurfaceView - com.CompanyName.test/crc646a1044cb1c7f6fdb.MainActivity] connect: already connected (cur=1 req=1)
09-19 20:22:10.188 12566 12584 E libEGL  : eglCreateWindowSurface: native_window_api_connect (win=0x94851008) failed (0xffffffea) (already connected to another API?)
09-19 20:22:10.188 12566 12584 E libEGL  : eglCreateWindowSurface:482 error 3003 (EGL_BAD_ALLOC)
09-19 20:22:10.191   718   779 E BufferQueueProducer: [SurfaceView - com.CompanyName.test/crc646a1044cb1c7f6fdb.MainActivity] connect: already connected (cur=1 req=1)
09-19 20:22:10.191 12566 12584 E libEGL  : eglCreateWindowSurface: native_window_api_connect (win=0x94851008) failed (0xffffffea) (already connected to another API?)
09-19 20:22:10.191 12566 12584 E libEGL  : eglCreateWindowSurface:482 error 3003 (EGL_BAD_ALLOC)
09-19 20:22:10.205   718  1753 E BufferQueueProducer: [SurfaceView - com.CompanyName.test/crc646a1044cb1c7f6fdb.MainActivity] connect: already connected (cur=1 req=1)
09-19 20:22:10.205 12566 12584 E libEGL  : eglCreateWindowSurface: native_window_api_connect (win=0x94851008) failed (0xffffffea) (already connected to another API?)
09-19 20:22:10.205 12566 12584 E libEGL  : eglCreateWindowSurface:482 error 3003 (EGL_BAD_ALLOC)
09-19 20:22:10.208   718  1573 E BufferQueueProducer: [SurfaceView - com.CompanyName.test/crc646a1044cb1c7f6fdb.MainActivity] connect: already connected (cur=1 req=1)
09-19 20:22:10.208 12566 12584 E libEGL  : eglCreateWindowSurface: native_window_api_connect (win=0x94851008) failed (0xffffffea) (already connected to another API?)
